00077 t2f: A mean 0.567 max 1.325 | B mean 0.523 max 1.311 | A-vs-B mean 0.109 max 0.264 mm | B transform [0.427, 0.161, 0.002] deg [-0.023, -0.136, -0.239] mm (204.5 s)
00077 t2w: A mean 0.370 max 0.847 | B mean 0.304 max 0.660 | A-vs-B mean 0.117 max 0.277 mm | B transform [-0.106, 0.204, 0.097] deg [0.103, -0.13, 0.028] mm (218.4 s)
00103 t2f: A mean 0.363 max 0.826 | B mean 0.341 max 0.742 | A-vs-B mean 0.110 max 0.239 mm | B transform [0.178, -0.13, 0.029] deg [-0.055, -0.153, -0.259] mm (133.5 s)
00103 t2w: A mean 0.586 max 0.884 | B mean 0.828 max 1.138 | A-vs-B mean 0.277 max 0.386 mm | B transform [-0.097, -0.13, 0.006] deg [-0.083, -0.358, -0.708] mm (166.2 s)
00115 t2f: A mean 0.554 max 0.900 | B mean 0.607 max 0.808 | A-vs-B mean 0.152 max 0.412 mm | B transform [-0.042, 0.084, 0.079] deg [0.052, 0.008, -0.588] mm (171.9 s)
00115 t2w: A mean 0.459 max 0.990 | B mean 0.413 max 0.942 | A-vs-B mean 0.180 max 0.349 mm | B transform [-0.163, 0.282, 0.008] deg [0.044, 0.24, -0.11] mm (338.7 s)
00127 t2f: A mean 0.494 max 1.162 | B mean 0.498 max 1.099 | A-vs-B mean 0.121 max 0.222 mm | B transform [0.38, -0.019, -0.017] deg [0.123, -0.02, -0.314] mm (207.0 s)
00127 t2w: A mean 0.620 max 1.181 | B mean 1.552 max 2.931 | A-vs-B mean 0.987 max 1.824 mm | B transform [-0.637, 0.15, 0.193] deg [0.169, 0.766, -1.045] mm (241.2 s)
00128 t2f: A mean 0.105 max 0.114 | B mean 0.071 max 0.135 | A-vs-B mean 0.079 max 0.123 mm | B transform [-0.0, -0.023, -0.015] deg [-0.065, -0.009, 0.019] mm (177.2 s)
00128 t2w: A mean 0.278 max 0.562 | B mean 0.304 max 0.608 | A-vs-B mean 0.051 max 0.065 mm | B transform [-0.121, 0.045, 0.088] deg [-0.013, 0.244, -0.037] mm (191.6 s)
00129 t2f: A mean 0.376 max 0.605 | B mean 0.323 max 0.513 | A-vs-B mean 0.062 max 0.103 mm | B transform [-0.094, 0.029, -0.033] deg [0.02, 0.057, -0.284] mm (107.7 s)
00129 t2w: A mean 0.145 max 0.220 | B mean 0.153 max 0.246 | A-vs-B mean 0.018 max 0.046 mm | B transform [0.022, -0.014, -0.061] deg [0.004, 0.036, -0.131] mm (114.1 s)
00131 t2f: A mean 0.393 max 0.949 | B mean 0.357 max 0.834 | A-vs-B mean 0.062 max 0.141 mm | B transform [-0.218, -0.012, -0.094] deg [0.011, 0.028, 0.263] mm (189.9 s)
00131 t2w: A mean 0.809 max 2.025 | B mean 0.784 max 1.880 | A-vs-B mean 0.074 max 0.190 mm | B transform [-0.451, 0.147, -0.068] deg [0.054, -0.088, 0.667] mm (137.3 s)
00132 t2f: A mean 0.230 max 0.468 | B mean 0.288 max 0.683 | A-vs-B mean 0.179 max 0.410 mm | B transform [-0.188, -0.113, -0.022] deg [-0.042, -0.034, -0.104] mm (286.7 s)
00132 t2w: A mean 0.691 max 1.478 | B mean 0.767 max 1.677 | A-vs-B mean 0.111 max 0.246 mm | B transform [-0.529, -0.073, 0.09] deg [-0.046, -0.467, -0.018] mm (189.0 s)
00133 t2f: A mean 1.344 max 3.064 | B mean 1.617 max 3.531 | A-vs-B mean 0.314 max 0.679 mm | B transform [-1.237, 0.171, 0.048] deg [-0.056, -0.074, -0.438] mm (449.3 s)
00133 t2w: A mean 0.501 max 0.957 | B mean 0.613 max 1.452 | A-vs-B mean 0.385 max 0.830 mm | B transform [-0.432, 0.198, -0.029] deg [-0.032, -0.272, -0.019] mm (455.7 s)
00136 t2f: A mean 0.975 max 2.274 | B mean 1.276 max 2.684 | A-vs-B mean 0.365 max 0.774 mm | B transform [-0.985, 0.099, -0.055] deg [-0.004, 0.322, -0.447] mm (324.4 s)
00136 t2w: A mean 0.462 max 0.973 | B mean 0.494 max 0.771 | A-vs-B mean 0.255 max 0.522 mm | B transform [0.123, -0.001, 0.053] deg [-0.028, -0.035, -0.489] mm (559.3 s)
00077 R* mean Dice: clean 0.9156 | misaligned 0.9027 | realigned 0.5746
00103 R* mean Dice: clean 0.7799 | misaligned 0.7815 | realigned 0.7792
